[2022-05-04T15:21:55.483+0200][0.008s] Using G1
[2022-05-04T15:21:55.591+0200][0.115s] Version: 17.0.2+8-LTS-86 (release)
[2022-05-04T15:21:55.591+0200][0.115s] CPUs: 8 total, 8 available
[2022-05-04T15:21:55.591+0200][0.115s] Memory: 8192M
[2022-05-04T15:21:55.591+0200][0.115s] Large Page Support: Disabled
[2022-05-04T15:21:55.591+0200][0.115s] NUMA Support: Disabled
[2022-05-04T15:21:55.591+0200][0.115s] Compressed Oops: Enabled (Zero based)
[2022-05-04T15:21:55.591+0200][0.115s] Heap Region Size: 1M
[2022-05-04T15:21:55.591+0200][0.116s] Heap Min Capacity: 512M
[2022-05-04T15:21:55.591+0200][0.116s] Heap Initial Capacity: 512M
[2022-05-04T15:21:55.591+0200][0.116s] Heap Max Capacity: 512M
[2022-05-04T15:21:55.591+0200][0.116s] Pre-touch: Enabled
[2022-05-04T15:21:55.591+0200][0.116s] Parallel Workers: 8
[2022-05-04T15:21:55.591+0200][0.116s] Concurrent Workers: 2
[2022-05-04T15:21:55.591+0200][0.116s] Concurrent Refinement Workers: 8
[2022-05-04T15:21:55.591+0200][0.116s] Periodic GC: Disabled
[2022-05-04T15:21:55.591+0200][0.116s] CDS archive(s) mapped at: [0x0000000800000000-0x0000000800bd8000-0x0000000800bd8000), size 12419072, SharedBaseAddress: 0x0000000800000000, ArchiveRelocationMode: 0.
[2022-05-04T15:21:55.591+0200][0.116s] Compressed class space mapped at: 0x0000000800c00000-0x0000000840c00000, reserved size: 1073741824
[2022-05-04T15:21:55.591+0200][0.116s] Narrow klass base: 0x0000000800000000, Narrow klass shift: 0, Narrow klass range: 0x100000000
[2022-05-04T15:21:56.763+0200][1,287s] GC(0) Pause Young (Normal) (G1 Evacuation Pause)
[2022-05-04T15:21:56.763+0200][1,288s] GC(0) Using 8 workers of 8 for evacuation
[2022-05-04T15:21:56.773+0200][1,298s] GC(0)   Pre Evacuate Collection Set: 0,1ms
[2022-05-04T15:21:56.773+0200][1,298s] GC(0)   Merge Heap Roots: 0,0ms
[2022-05-04T15:21:56.773+0200][1,298s] GC(0)   Evacuate Collection Set: 9,6ms
[2022-05-04T15:21:56.773+0200][1,298s] GC(0)   Post Evacuate Collection Set: 0,3ms
[2022-05-04T15:21:56.773+0200][1,298s] GC(0)   Other: 0,5ms
[2022-05-04T15:21:56.773+0200][1,298s] GC(0) Eden regions: 29->0(47)
[2022-05-04T15:21:56.773+0200][1,298s] GC(0) Survivor regions: 0->4(4)
[2022-05-04T15:21:56.773+0200][1,298s] GC(0) Old regions: 0->6
[2022-05-04T15:21:56.773+0200][1,298s] GC(0) Archive regions: 2->2
[2022-05-04T15:21:56.773+0200][1,298s] GC(0) Humongous regions: 4->4
[2022-05-04T15:21:56.773+0200][1,298s] GC(0) Metaspace: 8999K(9152K)->8999K(9152K) NonClass: 7936K(8000K)->7936K(8000K) Class: 1062K(1152K)->1062K(1152K)
[2022-05-04T15:21:56.773+0200][1,298s] GC(0) Pause Young (Normal) (G1 Evacuation Pause) 33M->14M(512M) 10,643ms
[2022-05-04T15:21:56.773+0200][1,298s] GC(0) User=0,03s Sys=0,01s Real=0,01s
[2022-05-04T15:21:57.602+0200][2,126s] GC(1) Pause Young (Normal) (G1 Evacuation Pause)
[2022-05-04T15:21:57.602+0200][2,126s] GC(1) Using 8 workers of 8 for evacuation
[2022-05-04T15:21:57.610+0200][2,135s] GC(1)   Pre Evacuate Collection Set: 0,1ms
[2022-05-04T15:21:57.610+0200][2,135s] GC(1)   Merge Heap Roots: 0,0ms
[2022-05-04T15:21:57.610+0200][2,135s] GC(1)   Evacuate Collection Set: 7,5ms
[2022-05-04T15:21:57.610+0200][2,135s] GC(1)   Post Evacuate Collection Set: 0,5ms
[2022-05-04T15:21:57.610+0200][2,135s] GC(1)   Other: 0,1ms
[2022-05-04T15:21:57.610+0200][2,135s] GC(1) Eden regions: 47->0(82)
[2022-05-04T15:21:57.610+0200][2,135s] GC(1) Survivor regions: 4->7(7)
[2022-05-04T15:21:57.610+0200][2,135s] GC(1) Old regions: 6->12
[2022-05-04T15:21:57.610+0200][2,135s] GC(1) Archive regions: 2->2
[2022-05-04T15:21:57.610+0200][2,135s] GC(1) Humongous regions: 4->4
[2022-05-04T15:21:57.610+0200][2,135s] GC(1) Metaspace: 17491K(17664K)->17491K(17664K) NonClass: 15435K(15552K)->15435K(15552K) Class: 2056K(2112K)->2056K(2112K)
[2022-05-04T15:21:57.610+0200][2,135s] GC(1) Pause Young (Normal) (G1 Evacuation Pause) 61M->23M(512M) 8,266ms
[2022-05-04T15:21:57.610+0200][2,135s] GC(1) User=0,03s Sys=0,00s Real=0,01s
[2022-05-04T15:21:58.420+0200][2,945s] GC(2) Pause Young (Concurrent Start) (Metadata GC Threshold)
[2022-05-04T15:21:58.420+0200][2,945s] GC(2) Using 8 workers of 8 for evacuation
[2022-05-04T15:21:58.423+0200][2,948s] GC(2)   Pre Evacuate Collection Set: 0,1ms
[2022-05-04T15:21:58.423+0200][2,948s] GC(2)   Merge Heap Roots: 0,0ms
[2022-05-04T15:21:58.423+0200][2,948s] GC(2)   Evacuate Collection Set: 2,6ms
[2022-05-04T15:21:58.423+0200][2,948s] GC(2)   Post Evacuate Collection Set: 0,2ms
[2022-05-04T15:21:58.423+0200][2,948s] GC(2)   Other: 0,1ms
[2022-05-04T15:21:58.423+0200][2,948s] GC(2) Eden regions: 39->0(169)
[2022-05-04T15:21:58.423+0200][2,948s] GC(2) Survivor regions: 7->2(12)
[2022-05-04T15:21:58.423+0200][2,948s] GC(2) Old regions: 12->19
[2022-05-04T15:21:58.423+0200][2,948s] GC(2) Archive regions: 2->2
[2022-05-04T15:21:58.423+0200][2,948s] GC(2) Humongous regions: 4->4
[2022-05-04T15:21:58.423+0200][2,948s] GC(2) Metaspace: 21326K(21504K)->21326K(21504K) NonClass: 18856K(18944K)->18856K(18944K) Class: 2469K(2560K)->2469K(2560K)
[2022-05-04T15:21:58.423+0200][2,948s] GC(2) Pause Young (Concurrent Start) (Metadata GC Threshold) 61M->24M(512M) 3,106ms
[2022-05-04T15:21:58.423+0200][2,948s] GC(2) User=0,02s Sys=0,00s Real=0,00s
[2022-05-04T15:21:58.423+0200][2,948s] GC(3) Concurrent Mark Cycle
[2022-05-04T15:21:58.423+0200][2,948s] GC(3) Concurrent Clear Claimed Marks
[2022-05-04T15:21:58.423+0200][2,948s] GC(3) Concurrent Clear Claimed Marks 0,010ms
[2022-05-04T15:21:58.423+0200][2,948s] GC(3) Concurrent Scan Root Regions
[2022-05-04T15:21:58.425+0200][2,949s] GC(3) Concurrent Scan Root Regions 1,399ms
[2022-05-04T15:21:58.425+0200][2,949s] GC(3) Concurrent Mark
[2022-05-04T15:21:58.425+0200][2,949s] GC(3) Concurrent Mark From Roots
[2022-05-04T15:21:58.425+0200][2,949s] GC(3) Using 2 workers of 2 for marking
[2022-05-04T15:21:58.431+0200][2,956s] GC(3) Concurrent Mark From Roots 6,228ms
[2022-05-04T15:21:58.431+0200][2,956s] GC(3) Concurrent Preclean
[2022-05-04T15:21:58.431+0200][2,956s] GC(3) Concurrent Preclean 0,043ms
[2022-05-04T15:21:58.431+0200][2,956s] GC(3) Pause Remark
[2022-05-04T15:21:58.442+0200][2,967s] GC(3) Pause Remark 25M->25M(512M) 11,344ms
[2022-05-04T15:21:58.442+0200][2,967s] GC(3) User=0,02s Sys=0,01s Real=0,01s
[2022-05-04T15:21:58.443+0200][2,968s] GC(3) Concurrent Mark 18,266ms
[2022-05-04T15:21:58.443+0200][2,968s] GC(3) Concurrent Rebuild Remembered Sets
[2022-05-04T15:21:58.450+0200][2,975s] GC(3) Concurrent Rebuild Remembered Sets 7,007ms
[2022-05-04T15:21:58.451+0200][2,976s] GC(3) Pause Cleanup
[2022-05-04T15:21:58.451+0200][2,976s] GC(3) Pause Cleanup 25M->25M(512M) 0,075ms
[2022-05-04T15:21:58.451+0200][2,976s] GC(3) User=0,00s Sys=0,00s Real=0,00s
[2022-05-04T15:21:58.451+0200][2,976s] GC(3) Concurrent Cleanup for Next Mark
[2022-05-04T15:21:58.452+0200][2,977s] GC(3) Concurrent Cleanup for Next Mark 0,826ms
[2022-05-04T15:21:58.452+0200][2,977s] GC(3) Concurrent Mark Cycle 28,889ms
[2022-05-04T15:22:29.929+0200][34,453s] GC(4) Pause Young (Concurrent Start) (G1 Evacuation Pause)
[2022-05-04T15:22:29.929+0200][34,454s] GC(4) Using 8 workers of 8 for evacuation
[2022-05-04T15:22:29.936+0200][34,461s] GC(4)   Pre Evacuate Collection Set: 0,1ms
[2022-05-04T15:22:29.937+0200][34,461s] GC(4)   Merge Heap Roots: 0,1ms
[2022-05-04T15:22:29.937+0200][34,461s] GC(4)   Evacuate Collection Set: 6,2ms
[2022-05-04T15:22:29.937+0200][34,461s] GC(4)   Post Evacuate Collection Set: 0,6ms
[2022-05-04T15:22:29.937+0200][34,461s] GC(4)   Other: 1,0ms
[2022-05-04T15:22:29.937+0200][34,461s] GC(4) Eden regions: 186->0(238)
[2022-05-04T15:22:29.937+0200][34,461s] GC(4) Survivor regions: 2->12(24)
[2022-05-04T15:22:29.937+0200][34,462s] GC(4) Old regions: 19->19
[2022-05-04T15:22:29.937+0200][34,462s] GC(4) Archive regions: 2->2
[2022-05-04T15:22:29.937+0200][34,462s] GC(4) Humongous regions: 6->5
[2022-05-04T15:22:29.937+0200][34,462s] GC(4) Metaspace: 33343K(33600K)->33343K(33600K) NonClass: 29365K(29504K)->29365K(29504K) Class: 3977K(4096K)->3977K(4096K)
[2022-05-04T15:22:29.937+0200][34,462s] GC(4) Pause Young (Concurrent Start) (G1 Evacuation Pause) 212M->36M(512M) 8,107ms
[2022-05-04T15:22:29.937+0200][34,462s] GC(4) User=0,02s Sys=0,00s Real=0,01s
[2022-05-04T15:22:29.937+0200][34,462s] GC(5) Concurrent Mark Cycle
[2022-05-04T15:22:29.937+0200][34,462s] GC(5) Concurrent Clear Claimed Marks
[2022-05-04T15:22:29.937+0200][34,462s] GC(5) Concurrent Clear Claimed Marks 0,013ms
[2022-05-04T15:22:29.937+0200][34,462s] GC(5) Concurrent Scan Root Regions
[2022-05-04T15:22:29.939+0200][34,463s] GC(5) Concurrent Scan Root Regions 1,837ms
[2022-05-04T15:22:29.939+0200][34,463s] GC(5) Concurrent Mark
[2022-05-04T15:22:29.939+0200][34,464s] GC(5) Concurrent Mark From Roots
[2022-05-04T15:22:29.939+0200][34,464s] GC(5) Using 2 workers of 2 for marking
[2022-05-04T15:22:29.947+0200][34,472s] GC(5) Concurrent Mark From Roots 8,321ms
[2022-05-04T15:22:29.947+0200][34,472s] GC(5) Concurrent Preclean
[2022-05-04T15:22:29.947+0200][34,472s] GC(5) Concurrent Preclean 0,087ms
[2022-05-04T15:22:29.948+0200][34,473s] GC(5) Pause Remark
[2022-05-04T15:22:29.961+0200][34,486s] GC(5) Pause Remark 37M->37M(512M) 13,187ms
[2022-05-04T15:22:29.961+0200][34,486s] GC(5) User=0,02s Sys=0,02s Real=0,02s
[2022-05-04T15:22:29.963+0200][34,488s] GC(5) Concurrent Mark 24,395ms
[2022-05-04T15:22:29.963+0200][34,488s] GC(5) Concurrent Rebuild Remembered Sets
[2022-05-04T15:22:29.967+0200][34,492s] GC(5) Concurrent Rebuild Remembered Sets 4,367ms
[2022-05-04T15:22:29.970+0200][34,495s] GC(5) Pause Cleanup
[2022-05-04T15:22:29.970+0200][34,495s] GC(5) Pause Cleanup 37M->37M(512M) 0,137ms
[2022-05-04T15:22:29.970+0200][34,495s] GC(5) User=0,00s Sys=0,00s Real=0,00s
[2022-05-04T15:22:29.974+0200][34,499s] GC(5) Concurrent Cleanup for Next Mark
[2022-05-04T15:22:29.975+0200][34,500s] GC(5) Concurrent Cleanup for Next Mark 0,921ms
[2022-05-04T15:22:29.975+0200][34,500s] GC(5) Concurrent Mark Cycle 38,067ms
[2022-05-04T15:23:46.238+0200][110,764s] GC(6) Pause Young (Normal) (G1 Evacuation Pause)
[2022-05-04T15:23:46.239+0200][110,765s] GC(6) Using 8 workers of 8 for evacuation
[2022-05-04T15:23:46.250+0200][110,776s] GC(6)   Pre Evacuate Collection Set: 0,1ms
[2022-05-04T15:23:46.250+0200][110,776s] GC(6)   Merge Heap Roots: 0,1ms
[2022-05-04T15:23:46.250+0200][110,776s] GC(6)   Evacuate Collection Set: 9,9ms
[2022-05-04T15:23:46.250+0200][110,776s] GC(6)   Post Evacuate Collection Set: 0,9ms
[2022-05-04T15:23:46.250+0200][110,776s] GC(6)   Other: 1,1ms
[2022-05-04T15:23:46.250+0200][110,776s] GC(6) Eden regions: 251->0(278)
[2022-05-04T15:23:46.250+0200][110,776s] GC(6) Survivor regions: 12->29(33)
[2022-05-04T15:23:46.250+0200][110,776s] GC(6) Old regions: 19->19
[2022-05-04T15:23:46.250+0200][110,776s] GC(6) Archive regions: 2->2
[2022-05-04T15:23:46.250+0200][110,776s] GC(6) Humongous regions: 9->9
[2022-05-04T15:23:46.250+0200][110,776s] GC(6) Metaspace: 43089K(43392K)->43089K(43392K) NonClass: 37960K(38080K)->37960K(38080K) Class: 5128K(5312K)->5128K(5312K)
[2022-05-04T15:23:46.250+0200][110,776s] GC(6) Pause Young (Normal) (G1 Evacuation Pause) 291M->57M(512M) 12,104ms
[2022-05-04T15:23:46.250+0200][110,776s] GC(6) User=0,04s Sys=0,02s Real=0,02s
[2022-05-04T15:23:48.435+0200][112,962s] GC(7) Pause Young (Normal) (G1 Evacuation Pause)
[2022-05-04T15:23:48.435+0200][112,962s] GC(7) Using 8 workers of 8 for evacuation
[2022-05-04T15:23:48.449+0200][112,975s] GC(7)   Pre Evacuate Collection Set: 0,1ms
[2022-05-04T15:23:48.449+0200][112,976s] GC(7)   Merge Heap Roots: 0,0ms
[2022-05-04T15:23:48.449+0200][112,976s] GC(7)   Evacuate Collection Set: 12,4ms
[2022-05-04T15:23:48.449+0200][112,976s] GC(7)   Post Evacuate Collection Set: 0,7ms
[2022-05-04T15:23:48.449+0200][112,976s] GC(7)   Other: 0,1ms
[2022-05-04T15:23:48.449+0200][112,976s] GC(7) Eden regions: 278->0(268)
[2022-05-04T15:23:48.449+0200][112,976s] GC(7) Survivor regions: 29->39(39)
[2022-05-04T15:23:48.449+0200][112,976s] GC(7) Old regions: 19->41
[2022-05-04T15:23:48.449+0200][112,976s] GC(7) Archive regions: 2->2
[2022-05-04T15:23:48.449+0200][112,976s] GC(7) Humongous regions: 11->10
[2022-05-04T15:23:48.449+0200][112,976s] GC(7) Metaspace: 43111K(43456K)->43111K(43456K) NonClass: 37981K(38144K)->37981K(38144K) Class: 5130K(5312K)->5130K(5312K)
[2022-05-04T15:23:48.449+0200][112,976s] GC(7) Pause Young (Normal) (G1 Evacuation Pause) 337M->90M(512M) 13,512ms
[2022-05-04T15:23:48.449+0200][112,976s] GC(7) User=0,05s Sys=0,03s Real=0,01s
[2022-05-04T15:33:19.534+0200][684,075s] GC(8) Pause Young (Normal) (G1 Evacuation Pause)
[2022-05-04T15:33:19.534+0200][684,075s] GC(8) Using 8 workers of 8 for evacuation
[2022-05-04T15:33:19.541+0200][684,081s] GC(8)   Pre Evacuate Collection Set: 0,1ms
[2022-05-04T15:33:19.541+0200][684,081s] GC(8)   Merge Heap Roots: 0,1ms
[2022-05-04T15:33:19.541+0200][684,081s] GC(8)   Evacuate Collection Set: 5,4ms
[2022-05-04T15:33:19.541+0200][684,081s] GC(8)   Post Evacuate Collection Set: 0,4ms
[2022-05-04T15:33:19.541+0200][684,081s] GC(8)   Other: 0,4ms
[2022-05-04T15:33:19.541+0200][684,081s] GC(8) Eden regions: 268->0(302)
[2022-05-04T15:33:19.541+0200][684,081s] GC(8) Survivor regions: 39->5(39)
[2022-05-04T15:33:19.541+0200][684,081s] GC(8) Old regions: 41->47
[2022-05-04T15:33:19.541+0200][684,081s] GC(8) Archive regions: 2->2
[2022-05-04T15:33:19.541+0200][684,081s] GC(8) Humongous regions: 18->8
[2022-05-04T15:33:19.541+0200][684,081s] GC(8) Metaspace: 44481K(44800K)->44481K(44800K) NonClass: 39199K(39360K)->39199K(39360K) Class: 5282K(5440K)->5282K(5440K)
[2022-05-04T15:33:19.541+0200][684,081s] GC(8) Pause Young (Normal) (G1 Evacuation Pause) 366M->60M(512M) 6,527ms
[2022-05-04T15:33:19.541+0200][684,081s] GC(8) User=0,01s Sys=0,00s Real=0,01s
[2022-05-04T15:34:48.294+0200][772,837s] GC(9) Pause Young (Normal) (G1 Evacuation Pause)
[2022-05-04T15:34:48.295+0200][772,838s] GC(9) Using 8 workers of 8 for evacuation
[2022-05-04T15:34:48.299+0200][772,842s] GC(9)   Pre Evacuate Collection Set: 0,1ms
[2022-05-04T15:34:48.299+0200][772,842s] GC(9)   Merge Heap Roots: 0,1ms
[2022-05-04T15:34:48.299+0200][772,842s] GC(9)   Evacuate Collection Set: 2,8ms
[2022-05-04T15:34:48.299+0200][772,842s] GC(9)   Post Evacuate Collection Set: 0,8ms
[2022-05-04T15:34:48.299+0200][772,842s] GC(9)   Other: 1,0ms
[2022-05-04T15:34:48.299+0200][772,842s] GC(9) Eden regions: 302->0(302)
[2022-05-04T15:34:48.299+0200][772,842s] GC(9) Survivor regions: 5->5(39)
[2022-05-04T15:34:48.299+0200][772,842s] GC(9) Old regions: 47->47
[2022-05-04T15:34:48.299+0200][772,842s] GC(9) Archive regions: 2->2
[2022-05-04T15:34:48.299+0200][772,842s] GC(9) Humongous regions: 8->8
[2022-05-04T15:34:48.299+0200][772,842s] GC(9) Metaspace: 44874K(45248K)->44874K(45248K) NonClass: 39559K(39744K)->39559K(39744K) Class: 5314K(5504K)->5314K(5504K)
[2022-05-04T15:34:48.299+0200][772,842s] GC(9) Pause Young (Normal) (G1 Evacuation Pause) 362M->60M(512M) 4,801ms
[2022-05-04T15:34:48.299+0200][772,842s] GC(9) User=0,02s Sys=0,00s Real=0,00s
[2022-05-04T15:36:08.206+0200][852,751s] GC(10) Pause Young (Normal) (G1 Evacuation Pause)
[2022-05-04T15:36:08.207+0200][852,752s] GC(10) Using 8 workers of 8 for evacuation
[2022-05-04T15:36:08.213+0200][852,758s] GC(10)   Pre Evacuate Collection Set: 0,2ms
[2022-05-04T15:36:08.213+0200][852,758s] GC(10)   Merge Heap Roots: 0,1ms
[2022-05-04T15:36:08.213+0200][852,758s] GC(10)   Evacuate Collection Set: 5,0ms
[2022-05-04T15:36:08.213+0200][852,758s] GC(10)   Post Evacuate Collection Set: 0,7ms
[2022-05-04T15:36:08.213+0200][852,758s] GC(10)   Other: 1,0ms
[2022-05-04T15:36:08.213+0200][852,758s] GC(10) Eden regions: 302->0(278)
[2022-05-04T15:36:08.213+0200][852,758s] GC(10) Survivor regions: 5->29(39)
[2022-05-04T15:36:08.213+0200][852,758s] GC(10) Old regions: 47->47
[2022-05-04T15:36:08.213+0200][852,758s] GC(10) Archive regions: 2->2
[2022-05-04T15:36:08.213+0200][852,758s] GC(10) Humongous regions: 9->9
[2022-05-04T15:36:08.213+0200][852,758s] GC(10) Metaspace: 46005K(46336K)->46005K(46336K) NonClass: 40562K(40704K)->40562K(40704K) Class: 5443K(5632K)->5443K(5632K)
[2022-05-04T15:36:08.213+0200][852,758s] GC(10) Pause Young (Normal) (G1 Evacuation Pause) 363M->85M(512M) 7,129ms
[2022-05-04T15:36:08.213+0200][852,758s] GC(10) User=0,03s Sys=0,01s Real=0,01s
[2022-05-04T15:36:10.275+0200][854,820s] GC(11) Pause Young (Normal) (G1 Evacuation Pause)
[2022-05-04T15:36:10.275+0200][854,820s] GC(11) Using 8 workers of 8 for evacuation
[2022-05-04T15:36:10.289+0200][854,834s] GC(11)   Pre Evacuate Collection Set: 0,1ms
[2022-05-04T15:36:10.289+0200][854,834s] GC(11)   Merge Heap Roots: 0,1ms
[2022-05-04T15:36:10.289+0200][854,834s] GC(11)   Evacuate Collection Set: 13,5ms
[2022-05-04T15:36:10.289+0200][854,834s] GC(11)   Post Evacuate Collection Set: 0,6ms
[2022-05-04T15:36:10.289+0200][854,834s] GC(11)   Other: 0,2ms
[2022-05-04T15:36:10.289+0200][854,834s] GC(11) Eden regions: 278->0(282)
[2022-05-04T15:36:10.289+0200][854,834s] GC(11) Survivor regions: 29->25(39)
[2022-05-04T15:36:10.289+0200][854,834s] GC(11) Old regions: 47->71
[2022-05-04T15:36:10.289+0200][854,834s] GC(11) Archive regions: 2->2
[2022-05-04T15:36:10.289+0200][854,834s] GC(11) Humongous regions: 19->10
[2022-05-04T15:36:10.289+0200][854,834s] GC(11) Metaspace: 46022K(46400K)->46022K(46400K) NonClass: 40578K(40768K)->40578K(40768K) Class: 5443K(5632K)->5443K(5632K)
[2022-05-04T15:36:10.289+0200][854,834s] GC(11) Pause Young (Normal) (G1 Evacuation Pause) 373M->106M(512M) 14,618ms
[2022-05-04T15:36:10.289+0200][854,834s] GC(11) User=0,04s Sys=0,04s Real=0,01s
[2022-05-04T15:48:34.735+0200][1599,298s] GC(12) Pause Young (Normal) (G1 Evacuation Pause)
[2022-05-04T15:48:34.736+0200][1599,299s] GC(12) Using 8 workers of 8 for evacuation
[2022-05-04T15:48:34.758+0200][1599,322s] GC(12)   Pre Evacuate Collection Set: 0,2ms
[2022-05-04T15:48:34.758+0200][1599,322s] GC(12)   Merge Heap Roots: 0,1ms
[2022-05-04T15:48:34.758+0200][1599,322s] GC(12)   Evacuate Collection Set: 20,8ms
[2022-05-04T15:48:34.758+0200][1599,322s] GC(12)   Post Evacuate Collection Set: 0,9ms
[2022-05-04T15:48:34.758+0200][1599,322s] GC(12)   Other: 1,1ms
[2022-05-04T15:48:34.758+0200][1599,322s] GC(12) Eden regions: 282->0(299)
[2022-05-04T15:48:34.758+0200][1599,322s] GC(12) Survivor regions: 25->5(39)
[2022-05-04T15:48:34.758+0200][1599,322s] GC(12) Old regions: 71->93
[2022-05-04T15:48:34.758+0200][1599,322s] GC(12) Archive regions: 2->2
[2022-05-04T15:48:34.758+0200][1599,322s] GC(12) Humongous regions: 12->10
[2022-05-04T15:48:34.758+0200][1599,322s] GC(12) Metaspace: 48790K(49152K)->48790K(49152K) NonClass: 43074K(43200K)->43074K(43200K) Class: 5716K(5952K)->5716K(5952K)
[2022-05-04T15:48:34.758+0200][1599,322s] GC(12) Pause Young (Normal) (G1 Evacuation Pause) 390M->107M(512M) 23,144ms
[2022-05-04T15:48:34.758+0200][1599,322s] GC(12) User=0,02s Sys=0,07s Real=0,02s
[2022-05-04T15:49:29.689+0200][1654,254s] GC(13) Pause Young (Normal) (G1 Evacuation Pause)
[2022-05-04T15:49:29.690+0200][1654,254s] GC(13) Using 8 workers of 8 for evacuation
[2022-05-04T15:49:29.697+0200][1654,262s] GC(13)   Pre Evacuate Collection Set: 0,1ms
[2022-05-04T15:49:29.697+0200][1654,262s] GC(13)   Merge Heap Roots: 0,1ms
[2022-05-04T15:49:29.697+0200][1654,262s] GC(13)   Evacuate Collection Set: 6,4ms
[2022-05-04T15:49:29.697+0200][1654,262s] GC(13)   Post Evacuate Collection Set: 0,6ms
[2022-05-04T15:49:29.697+0200][1654,262s] GC(13)   Other: 1,0ms
[2022-05-04T15:49:29.697+0200][1654,262s] GC(13) Eden regions: 299->0(299)
[2022-05-04T15:49:29.697+0200][1654,262s] GC(13) Survivor regions: 5->8(38)
[2022-05-04T15:49:29.697+0200][1654,262s] GC(13) Old regions: 93->93
[2022-05-04T15:49:29.697+0200][1654,262s] GC(13) Archive regions: 2->2
[2022-05-04T15:49:29.697+0200][1654,262s] GC(13) Humongous regions: 10->10
[2022-05-04T15:49:29.697+0200][1654,262s] GC(13) Metaspace: 52263K(52672K)->52263K(52672K) NonClass: 46198K(46400K)->46198K(46400K) Class: 6065K(6272K)->6065K(6272K)
[2022-05-04T15:49:29.697+0200][1654,262s] GC(13) Pause Young (Normal) (G1 Evacuation Pause) 406M->110M(512M) 8,263ms
[2022-05-04T15:49:29.697+0200][1654,262s] GC(13) User=0,02s Sys=0,00s Real=0,01s
[2022-05-04T15:59:59.631+0200][2284,218s] GC(14) Pause Young (Normal) (G1 Evacuation Pause)
[2022-05-04T15:59:59.631+0200][2284,219s] GC(14) Using 8 workers of 8 for evacuation
[2022-05-04T15:59:59.649+0200][2284,237s] GC(14)   Pre Evacuate Collection Set: 0,1ms
[2022-05-04T15:59:59.649+0200][2284,237s] GC(14)   Merge Heap Roots: 0,1ms
[2022-05-04T15:59:59.649+0200][2284,237s] GC(14)   Evacuate Collection Set: 16,7ms
[2022-05-04T15:59:59.649+0200][2284,237s] GC(14)   Post Evacuate Collection Set: 0,9ms
[2022-05-04T15:59:59.649+0200][2284,237s] GC(14)   Other: 0,4ms
[2022-05-04T15:59:59.649+0200][2284,237s] GC(14) Eden regions: 299->0(296)
[2022-05-04T15:59:59.649+0200][2284,237s] GC(14) Survivor regions: 8->11(39)
[2022-05-04T15:59:59.649+0200][2284,237s] GC(14) Old regions: 93->93
[2022-05-04T15:59:59.649+0200][2284,237s] GC(14) Archive regions: 2->2
[2022-05-04T15:59:59.649+0200][2284,237s] GC(14) Humongous regions: 10->10
[2022-05-04T15:59:59.649+0200][2284,237s] GC(14) Metaspace: 54158K(54656K)->54158K(54656K) NonClass: 47924K(48128K)->47924K(48128K) Class: 6233K(6528K)->6233K(6528K)
[2022-05-04T15:59:59.649+0200][2284,237s] GC(14) Pause Young (Normal) (G1 Evacuation Pause) 409M->113M(512M) 18,243ms
[2022-05-04T15:59:59.649+0200][2284,237s] GC(14) User=0,05s Sys=0,04s Real=0,01s
[2022-05-04T16:00:05.906+0200][2290,494s] GC(15) Pause Young (Concurrent Start) (Metadata GC Threshold)
[2022-05-04T16:00:05.906+0200][2290,494s] GC(15) Using 8 workers of 8 for evacuation
[2022-05-04T16:00:05.915+0200][2290,503s] GC(15)   Pre Evacuate Collection Set: 0,1ms
[2022-05-04T16:00:05.915+0200][2290,503s] GC(15)   Merge Heap Roots: 0,0ms
[2022-05-04T16:00:05.915+0200][2290,503s] GC(15)   Evacuate Collection Set: 7,8ms
[2022-05-04T16:00:05.915+0200][2290,503s] GC(15)   Post Evacuate Collection Set: 0,7ms
[2022-05-04T16:00:05.915+0200][2290,503s] GC(15)   Other: 0,2ms
[2022-05-04T16:00:05.915+0200][2290,503s] GC(15) Eden regions: 203->0(294)
[2022-05-04T16:00:05.915+0200][2290,503s] GC(15) Survivor regions: 11->13(39)
[2022-05-04T16:00:05.915+0200][2290,503s] GC(15) Old regions: 93->93
[2022-05-04T16:00:05.915+0200][2290,503s] GC(15) Archive regions: 2->2
[2022-05-04T16:00:05.915+0200][2290,503s] GC(15) Humongous regions: 10->10
[2022-05-04T16:00:05.915+0200][2290,503s] GC(15) Metaspace: 55527K(56000K)->55527K(56000K) NonClass: 49146K(49344K)->49146K(49344K) Class: 6380K(6656K)->6380K(6656K)
[2022-05-04T16:00:05.915+0200][2290,503s] GC(15) Pause Young (Concurrent Start) (Metadata GC Threshold) 316M->116M(512M) 8,962ms
[2022-05-04T16:00:05.915+0200][2290,503s] GC(15) User=0,04s Sys=0,01s Real=0,01s
[2022-05-04T16:00:05.915+0200][2290,503s] GC(16) Concurrent Mark Cycle
[2022-05-04T16:00:05.915+0200][2290,503s] GC(16) Concurrent Clear Claimed Marks
[2022-05-04T16:00:05.915+0200][2290,503s] GC(16) Concurrent Clear Claimed Marks 0,038ms
[2022-05-04T16:00:05.915+0200][2290,503s] GC(16) Concurrent Scan Root Regions
[2022-05-04T16:00:05.918+0200][2290,506s] GC(16) Concurrent Scan Root Regions 2,949ms
[2022-05-04T16:00:05.918+0200][2290,506s] GC(16) Concurrent Mark
[2022-05-04T16:00:05.918+0200][2290,506s] GC(16) Concurrent Mark From Roots
[2022-05-04T16:00:05.918+0200][2290,506s] GC(16) Using 2 workers of 2 for marking
[2022-05-04T16:00:05.938+0200][2290,526s] GC(16) Concurrent Mark From Roots 19,724ms
[2022-05-04T16:00:05.938+0200][2290,526s] GC(16) Concurrent Preclean
[2022-05-04T16:00:05.938+0200][2290,526s] GC(16) Concurrent Preclean 0,302ms
[2022-05-04T16:00:05.938+0200][2290,526s] GC(16) Pause Remark
[2022-05-04T16:00:05.976+0200][2290,564s] GC(16) Pause Remark 116M->81M(512M) 37,682ms
[2022-05-04T16:00:05.976+0200][2290,564s] GC(16) User=0,05s Sys=0,07s Real=0,04s
[2022-05-04T16:00:05.976+0200][2290,564s] GC(16) Concurrent Mark 58,118ms
[2022-05-04T16:00:05.976+0200][2290,564s] GC(16) Concurrent Rebuild Remembered Sets
[2022-05-04T16:00:05.986+0200][2290,574s] GC(16) Concurrent Rebuild Remembered Sets 10,037ms
[2022-05-04T16:00:05.987+0200][2290,574s] GC(16) Pause Cleanup
[2022-05-04T16:00:05.987+0200][2290,575s] GC(16) Pause Cleanup 81M->81M(512M) 0,092ms
[2022-05-04T16:00:05.987+0200][2290,575s] GC(16) User=0,00s Sys=0,00s Real=0,00s
[2022-05-04T16:00:05.987+0200][2290,575s] GC(16) Concurrent Cleanup for Next Mark
[2022-05-04T16:00:05.989+0200][2290,577s] GC(16) Concurrent Cleanup for Next Mark 2,350ms
[2022-05-04T16:00:05.991+0200][2290,579s] GC(16) Concurrent Mark Cycle 75,698ms
[2022-05-04T16:01:40.828+0200][2385,418s] GC(17) Pause Young (Prepare Mixed) (G1 Evacuation Pause)
[2022-05-04T16:01:40.828+0200][2385,419s] GC(17) Using 8 workers of 8 for evacuation
[2022-05-04T16:01:40.849+0200][2385,439s] GC(17)   Pre Evacuate Collection Set: 0,1ms
[2022-05-04T16:01:40.849+0200][2385,439s] GC(17)   Merge Heap Roots: 0,1ms
[2022-05-04T16:01:40.849+0200][2385,439s] GC(17)   Evacuate Collection Set: 14,9ms
[2022-05-04T16:01:40.849+0200][2385,439s] GC(17)   Post Evacuate Collection Set: 5,5ms
[2022-05-04T16:01:40.849+0200][2385,439s] GC(17)   Other: 0,4ms
[2022-05-04T16:01:40.849+0200][2385,439s] GC(17) Eden regions: 294->0(12)
[2022-05-04T16:01:40.849+0200][2385,439s] GC(17) Survivor regions: 13->13(39)
[2022-05-04T16:01:40.849+0200][2385,439s] GC(17) Old regions: 59->59
[2022-05-04T16:01:40.849+0200][2385,439s] GC(17) Archive regions: 2->2
[2022-05-04T16:01:40.849+0200][2385,439s] GC(17) Humongous regions: 8->8
[2022-05-04T16:01:40.849+0200][2385,439s] GC(17) Metaspace: 57131K(57600K)->57131K(57600K) NonClass: 50599K(50816K)->50599K(50816K) Class: 6532K(6784K)->6532K(6784K)
[2022-05-04T16:01:40.849+0200][2385,439s] GC(17) Pause Young (Prepare Mixed) (G1 Evacuation Pause) 374M->80M(512M) 21,065ms
[2022-05-04T16:01:40.849+0200][2385,439s] GC(17) User=0,04s Sys=0,04s Real=0,02s
[2022-05-04T16:01:40.856+0200][2385,446s] GC(18) Pause Young (Mixed) (G1 Evacuation Pause)
[2022-05-04T16:01:40.856+0200][2385,447s] GC(18) Using 8 workers of 8 for evacuation
[2022-05-04T16:01:40.862+0200][2385,452s] GC(18)   Pre Evacuate Collection Set: 0,1ms
[2022-05-04T16:01:40.862+0200][2385,452s] GC(18)   Merge Heap Roots: 0,0ms
[2022-05-04T16:01:40.862+0200][2385,452s] GC(18)   Evacuate Collection Set: 5,1ms
[2022-05-04T16:01:40.862+0200][2385,452s] GC(18)   Post Evacuate Collection Set: 0,5ms
[2022-05-04T16:01:40.862+0200][2385,452s] GC(18)   Other: 0,1ms
[2022-05-04T16:01:40.862+0200][2385,452s] GC(18) Eden regions: 12->0(305)
[2022-05-04T16:01:40.862+0200][2385,452s] GC(18) Survivor regions: 13->2(4)
[2022-05-04T16:01:40.862+0200][2385,452s] GC(18) Old regions: 59->61
[2022-05-04T16:01:40.862+0200][2385,452s] GC(18) Archive regions: 2->2
[2022-05-04T16:01:40.862+0200][2385,452s] GC(18) Humongous regions: 8->8
[2022-05-04T16:01:40.862+0200][2385,452s] GC(18) Metaspace: 57131K(57600K)->57131K(57600K) NonClass: 50599K(50816K)->50599K(50816K) Class: 6532K(6784K)->6532K(6784K)
[2022-05-04T16:01:40.862+0200][2385,452s] GC(18) Pause Young (Mixed) (G1 Evacuation Pause) 92M->71M(512M) 5,952ms
[2022-05-04T16:01:40.862+0200][2385,452s] GC(18) User=0,02s Sys=0,01s Real=0,01s
[2022-05-04T16:02:34.970+0200][2439,562s] GC(19) Pause Young (Normal) (G1 Evacuation Pause)
[2022-05-04T16:02:34.970+0200][2439,562s] GC(19) Using 8 workers of 8 for evacuation
[2022-05-04T16:02:34.973+0200][2439,564s] GC(19)   Pre Evacuate Collection Set: 0,1ms
[2022-05-04T16:02:34.973+0200][2439,564s] GC(19)   Merge Heap Roots: 0,1ms
[2022-05-04T16:02:34.973+0200][2439,564s] GC(19)   Evacuate Collection Set: 1,8ms
[2022-05-04T16:02:34.973+0200][2439,564s] GC(19)   Post Evacuate Collection Set: 0,4ms
[2022-05-04T16:02:34.973+0200][2439,564s] GC(19)   Other: 0,1ms
[2022-05-04T16:02:34.973+0200][2439,564s] GC(19) Eden regions: 305->0(302)
[2022-05-04T16:02:34.973+0200][2439,564s] GC(19) Survivor regions: 2->5(39)
[2022-05-04T16:02:34.973+0200][2439,564s] GC(19) Old regions: 61->61
[2022-05-04T16:02:34.973+0200][2439,564s] GC(19) Archive regions: 2->2
[2022-05-04T16:02:34.973+0200][2439,564s] GC(19) Humongous regions: 8->8
[2022-05-04T16:02:34.973+0200][2439,564s] GC(19) Metaspace: 58573K(59136K)->58573K(59136K) NonClass: 51896K(52160K)->51896K(52160K) Class: 6677K(6976K)->6677K(6976K)
[2022-05-04T16:02:34.973+0200][2439,565s] GC(19) Pause Young (Normal) (G1 Evacuation Pause) 376M->74M(512M) 2,658ms
[2022-05-04T16:02:34.973+0200][2439,565s] GC(19) User=0,01s Sys=0,00s Real=0,00s
[2022-05-04T16:04:34.415+0200][2559,010s] GC(20) Pause Young (Normal) (G1 Evacuation Pause)
[2022-05-04T16:04:34.415+0200][2559,010s] GC(20) Using 8 workers of 8 for evacuation
[2022-05-04T16:04:34.424+0200][2559,019s] GC(20)   Pre Evacuate Collection Set: 0,1ms
[2022-05-04T16:04:34.424+0200][2559,019s] GC(20)   Merge Heap Roots: 0,1ms
[2022-05-04T16:04:34.424+0200][2559,019s] GC(20)   Evacuate Collection Set: 8,0ms
[2022-05-04T16:04:34.424+0200][2559,019s] GC(20)   Post Evacuate Collection Set: 0,6ms
[2022-05-04T16:04:34.424+0200][2559,019s] GC(20)   Other: 0,4ms
[2022-05-04T16:04:34.424+0200][2559,019s] GC(20) Eden regions: 302->0(299)
[2022-05-04T16:04:34.424+0200][2559,019s] GC(20) Survivor regions: 5->8(39)
[2022-05-04T16:04:34.424+0200][2559,019s] GC(20) Old regions: 61->61
[2022-05-04T16:04:34.424+0200][2559,019s] GC(20) Archive regions: 2->2
[2022-05-04T16:04:34.424+0200][2559,019s] GC(20) Humongous regions: 8->8
[2022-05-04T16:04:34.424+0200][2559,019s] GC(20) Metaspace: 61446K(62016K)->61446K(62016K) NonClass: 54474K(54720K)->54474K(54720K) Class: 6972K(7296K)->6972K(7296K)
[2022-05-04T16:04:34.424+0200][2559,019s] GC(20) Pause Young (Normal) (G1 Evacuation Pause) 376M->77M(512M) 9,287ms
[2022-05-04T16:04:34.424+0200][2559,019s] GC(20) User=0,02s Sys=0,03s Real=0,01s
[2022-05-04T16:05:00.451+0200][2585,047s] GC(21) Pause Young (Normal) (G1 Evacuation Pause)
[2022-05-04T16:05:00.451+0200][2585,047s] GC(21) Using 8 workers of 8 for evacuation
[2022-05-04T16:05:00.459+0200][2585,055s] GC(21)   Pre Evacuate Collection Set: 0,1ms
[2022-05-04T16:05:00.460+0200][2585,055s] GC(21)   Merge Heap Roots: 0,1ms
[2022-05-04T16:05:00.460+0200][2585,055s] GC(21)   Evacuate Collection Set: 7,2ms
[2022-05-04T16:05:00.460+0200][2585,055s] GC(21)   Post Evacuate Collection Set: 0,7ms
[2022-05-04T16:05:00.460+0200][2585,055s] GC(21)   Other: 0,2ms
[2022-05-04T16:05:00.460+0200][2585,055s] GC(21) Eden regions: 299->0(295)
[2022-05-04T16:05:00.460+0200][2585,055s] GC(21) Survivor regions: 8->12(39)
[2022-05-04T16:05:00.460+0200][2585,055s] GC(21) Old regions: 61->61
[2022-05-04T16:05:00.460+0200][2585,055s] GC(21) Archive regions: 2->2
[2022-05-04T16:05:00.460+0200][2585,055s] GC(21) Humongous regions: 8->8
[2022-05-04T16:05:00.460+0200][2585,055s] GC(21) Metaspace: 62997K(63552K)->62997K(63552K) NonClass: 55877K(56128K)->55877K(56128K) Class: 7119K(7424K)->7119K(7424K)
[2022-05-04T16:05:00.460+0200][2585,055s] GC(21) Pause Young (Normal) (G1 Evacuation Pause) 376M->81M(512M) 8,454ms
[2022-05-04T16:05:00.460+0200][2585,055s] GC(21) User=0,03s Sys=0,00s Real=0,01s
[2022-05-04T16:06:38.642+0200][2683,240s] GC(22) Pause Young (Normal) (G1 Evacuation Pause)
[2022-05-04T16:06:38.653+0200][2683,251s] GC(22) Using 8 workers of 8 for evacuation
[2022-05-04T16:06:38.660+0200][2683,259s] GC(22)   Pre Evacuate Collection Set: 0,1ms
[2022-05-04T16:06:38.661+0200][2683,259s] GC(22)   Merge Heap Roots: 0,1ms
[2022-05-04T16:06:38.661+0200][2683,259s] GC(22)   Evacuate Collection Set: 6,5ms
[2022-05-04T16:06:38.661+0200][2683,259s] GC(22)   Post Evacuate Collection Set: 0,6ms
[2022-05-04T16:06:38.661+0200][2683,259s] GC(22)   Other: 11,1ms
[2022-05-04T16:06:38.661+0200][2683,259s] GC(22) Eden regions: 295->0(292)
[2022-05-04T16:06:38.661+0200][2683,259s] GC(22) Survivor regions: 12->15(39)
[2022-05-04T16:06:38.661+0200][2683,259s] GC(22) Old regions: 61->61
[2022-05-04T16:06:38.661+0200][2683,259s] GC(22) Archive regions: 2->2
[2022-05-04T16:06:38.661+0200][2683,259s] GC(22) Humongous regions: 8->8
[2022-05-04T16:06:38.661+0200][2683,259s] GC(22) Metaspace: 64430K(65088K)->64430K(65088K) NonClass: 57163K(57472K)->57163K(57472K) Class: 7267K(7616K)->7267K(7616K)
[2022-05-04T16:06:38.661+0200][2683,259s] GC(22) Pause Young (Normal) (G1 Evacuation Pause) 376M->84M(512M) 18,505ms
[2022-05-04T16:06:38.661+0200][2683,259s] GC(22) User=0,03s Sys=0,01s Real=0,02s
[2022-05-04T16:06:57.541+0200][2702,140s] GC(23) Pause Young (Normal) (G1 Evacuation Pause)
[2022-05-04T16:06:57.541+0200][2702,140s] GC(23) Using 8 workers of 8 for evacuation
[2022-05-04T16:06:57.551+0200][2702,150s] GC(23)   Pre Evacuate Collection Set: 0,1ms
[2022-05-04T16:06:57.551+0200][2702,150s] GC(23)   Merge Heap Roots: 0,0ms
[2022-05-04T16:06:57.551+0200][2702,150s] GC(23)   Evacuate Collection Set: 9,3ms
[2022-05-04T16:06:57.551+0200][2702,150s] GC(23)   Post Evacuate Collection Set: 0,5ms
[2022-05-04T16:06:57.551+0200][2702,150s] GC(23)   Other: 0,3ms
[2022-05-04T16:06:57.551+0200][2702,150s] GC(23) Eden regions: 292->0(285)
[2022-05-04T16:06:57.552+0200][2702,150s] GC(23) Survivor regions: 15->22(39)
[2022-05-04T16:06:57.552+0200][2702,150s] GC(23) Old regions: 61->61
[2022-05-04T16:06:57.552+0200][2702,150s] GC(23) Archive regions: 2->2
[2022-05-04T16:06:57.552+0200][2702,150s] GC(23) Humongous regions: 8->8
[2022-05-04T16:06:57.552+0200][2702,150s] GC(23) Metaspace: 67366K(68032K)->67366K(68032K) NonClass: 59796K(60096K)->59796K(60096K) Class: 7570K(7936K)->7570K(7936K)
[2022-05-04T16:06:57.552+0200][2702,150s] GC(23) Pause Young (Normal) (G1 Evacuation Pause) 376M->91M(512M) 10,388ms
[2022-05-04T16:06:57.552+0200][2702,150s] GC(23) User=0,04s Sys=0,01s Real=0,01s
[2022-05-04T16:09:26.429+0200][2851,032s] GC(24) Pause Young (Normal) (G1 Evacuation Pause)
[2022-05-04T16:09:26.430+0200][2851,032s] GC(24) Using 8 workers of 8 for evacuation
[2022-05-04T16:09:26.441+0200][2851,044s] GC(24)   Pre Evacuate Collection Set: 0,2ms
[2022-05-04T16:09:26.441+0200][2851,044s] GC(24)   Merge Heap Roots: 0,1ms
[2022-05-04T16:09:26.441+0200][2851,044s] GC(24)   Evacuate Collection Set: 10,6ms
[2022-05-04T16:09:26.441+0200][2851,044s] GC(24)   Post Evacuate Collection Set: 0,8ms
[2022-05-04T16:09:26.441+0200][2851,044s] GC(24)   Other: 0,4ms
[2022-05-04T16:09:26.441+0200][2851,044s] GC(24) Eden regions: 285->0(287)
[2022-05-04T16:09:26.441+0200][2851,044s] GC(24) Survivor regions: 22->20(39)
[2022-05-04T16:09:26.441+0200][2851,044s] GC(24) Old regions: 61->64
[2022-05-04T16:09:26.441+0200][2851,044s] GC(24) Archive regions: 2->2
[2022-05-04T16:09:26.441+0200][2851,044s] GC(24) Humongous regions: 8->8
[2022-05-04T16:09:26.441+0200][2851,044s] GC(24) Metaspace: 69309K(70080K)->69309K(70080K) NonClass: 61535K(61888K)->61535K(61888K) Class: 7773K(8192K)->7773K(8192K)
[2022-05-04T16:09:26.441+0200][2851,044s] GC(24) Pause Young (Normal) (G1 Evacuation Pause) 376M->92M(512M) 12,183ms
[2022-05-04T16:09:26.441+0200][2851,044s] GC(24) User=0,04s Sys=0,01s Real=0,02s
[2022-05-04T16:10:33.547+0200][2918,152s] GC(25) Pause Young (Normal) (G1 Evacuation Pause)
[2022-05-04T16:10:33.547+0200][2918,152s] GC(25) Using 8 workers of 8 for evacuation
[2022-05-04T16:10:33.558+0200][2918,163s] GC(25)   Pre Evacuate Collection Set: 0,1ms
[2022-05-04T16:10:33.558+0200][2918,163s] GC(25)   Merge Heap Roots: 0,1ms
[2022-05-04T16:10:33.558+0200][2918,163s] GC(25)   Evacuate Collection Set: 9,8ms
[2022-05-04T16:10:33.558+0200][2918,163s] GC(25)   Post Evacuate Collection Set: 0,6ms
[2022-05-04T16:10:33.558+0200][2918,163s] GC(25)   Other: 0,3ms
[2022-05-04T16:10:33.558+0200][2918,163s] GC(25) Eden regions: 287->0(285)
[2022-05-04T16:10:33.558+0200][2918,163s] GC(25) Survivor regions: 20->22(39)
[2022-05-04T16:10:33.558+0200][2918,163s] GC(25) Old regions: 64->64
[2022-05-04T16:10:33.558+0200][2918,163s] GC(25) Archive regions: 2->2
[2022-05-04T16:10:33.558+0200][2918,163s] GC(25) Humongous regions: 8->8
[2022-05-04T16:10:33.558+0200][2918,163s] GC(25) Metaspace: 70768K(71488K)->70768K(71488K) NonClass: 62848K(63168K)->62848K(63168K) Class: 7919K(8320K)->7919K(8320K)
[2022-05-04T16:10:33.558+0200][2918,163s] GC(25) Pause Young (Normal) (G1 Evacuation Pause) 379M->94M(512M) 10,984ms
[2022-05-04T16:10:33.558+0200][2918,163s] GC(25) User=0,04s Sys=0,01s Real=0,01s
[2022-05-04T16:12:26.217+0200][3030,825s] GC(26) Pause Young (Normal) (G1 Evacuation Pause)
[2022-05-04T16:12:26.217+0200][3030,825s] GC(26) Using 8 workers of 8 for evacuation
[2022-05-04T16:12:26.230+0200][3030,838s] GC(26)   Pre Evacuate Collection Set: 0,1ms
[2022-05-04T16:12:26.230+0200][3030,838s] GC(26)   Merge Heap Roots: 0,0ms
[2022-05-04T16:12:26.230+0200][3030,838s] GC(26)   Evacuate Collection Set: 12,0ms
[2022-05-04T16:12:26.230+0200][3030,838s] GC(26)   Post Evacuate Collection Set: 0,6ms
[2022-05-04T16:12:26.230+0200][3030,838s] GC(26)   Other: 0,2ms
[2022-05-04T16:12:26.230+0200][3030,838s] GC(26) Eden regions: 285->0(286)
[2022-05-04T16:12:26.230+0200][3030,838s] GC(26) Survivor regions: 22->21(39)
[2022-05-04T16:12:26.230+0200][3030,838s] GC(26) Old regions: 64->69
[2022-05-04T16:12:26.230+0200][3030,838s] GC(26) Archive regions: 2->2
[2022-05-04T16:12:26.230+0200][3030,838s] GC(26) Humongous regions: 8->8
[2022-05-04T16:12:26.230+0200][3030,838s] GC(26) Metaspace: 72315K(73088K)->72315K(73088K) NonClass: 64249K(64576K)->64249K(64576K) Class: 8066K(8512K)->8066K(8512K)
[2022-05-04T16:12:26.230+0200][3030,838s] GC(26) Pause Young (Normal) (G1 Evacuation Pause) 379M->98M(512M) 13,069ms
[2022-05-04T16:12:26.230+0200][3030,838s] GC(26) User=0,05s Sys=0,01s Real=0,02s
[2022-05-04T16:17:29.309+0200][3333,925s] GC(27) Pause Young (Normal) (G1 Evacuation Pause)
[2022-05-04T16:17:29.309+0200][3333,925s] GC(27) Using 8 workers of 8 for evacuation
[2022-05-04T16:17:29.331+0200][3333,946s] GC(27)   Pre Evacuate Collection Set: 0,1ms
[2022-05-04T16:17:29.331+0200][3333,946s] GC(27)   Merge Heap Roots: 0,1ms
[2022-05-04T16:17:29.331+0200][3333,946s] GC(27)   Evacuate Collection Set: 19,7ms
[2022-05-04T16:17:29.331+0200][3333,946s] GC(27)   Post Evacuate Collection Set: 1,2ms
[2022-05-04T16:17:29.331+0200][3333,946s] GC(27)   Other: 0,3ms
[2022-05-04T16:17:29.331+0200][3333,946s] GC(27) Eden regions: 286->0(283)
[2022-05-04T16:17:29.331+0200][3333,946s] GC(27) Survivor regions: 21->24(39)
[2022-05-04T16:17:29.331+0200][3333,946s] GC(27) Old regions: 69->69
[2022-05-04T16:17:29.331+0200][3333,946s] GC(27) Archive regions: 2->2
[2022-05-04T16:17:29.331+0200][3333,946s] GC(27) Humongous regions: 8->8
[2022-05-04T16:17:29.331+0200][3333,946s] GC(27) Metaspace: 75321K(76160K)->75321K(76160K) NonClass: 66960K(67328K)->66960K(67328K) Class: 8361K(8832K)->8361K(8832K)
[2022-05-04T16:17:29.331+0200][3333,946s] GC(27) Pause Young (Normal) (G1 Evacuation Pause) 384M->101M(512M) 21,522ms
[2022-05-04T16:17:29.331+0200][3333,946s] GC(27) User=0,05s Sys=0,05s Real=0,03s
[2022-05-04T16:18:00.171+0200][3364,788s] GC(28) Pause Young (Normal) (G1 Evacuation Pause)
[2022-05-04T16:18:00.171+0200][3364,788s] GC(28) Using 8 workers of 8 for evacuation
[2022-05-04T16:18:00.182+0200][3364,799s] GC(28)   Pre Evacuate Collection Set: 0,1ms
[2022-05-04T16:18:00.182+0200][3364,799s] GC(28)   Merge Heap Roots: 0,1ms
[2022-05-04T16:18:00.182+0200][3364,799s] GC(28)   Evacuate Collection Set: 9,9ms
[2022-05-04T16:18:00.182+0200][3364,799s] GC(28)   Post Evacuate Collection Set: 0,8ms
[2022-05-04T16:18:00.182+0200][3364,799s] GC(28)   Other: 0,3ms
[2022-05-04T16:18:00.182+0200][3364,799s] GC(28) Eden regions: 283->0(287)
[2022-05-04T16:18:00.182+0200][3364,799s] GC(28) Survivor regions: 24->20(39)
[2022-05-04T16:18:00.182+0200][3364,799s] GC(28) Old regions: 69->73
[2022-05-04T16:18:00.182+0200][3364,799s] GC(28) Archive regions: 2->2
[2022-05-04T16:18:00.182+0200][3364,799s] GC(28) Humongous regions: 8->8
[2022-05-04T16:18:00.182+0200][3364,799s] GC(28) Metaspace: 76847K(77632K)->76847K(77632K) NonClass: 68340K(68672K)->68340K(68672K) Class: 8507K(8960K)->8507K(8960K)
[2022-05-04T16:18:00.182+0200][3364,799s] GC(28) Pause Young (Normal) (G1 Evacuation Pause) 384M->101M(512M) 11,244ms
[2022-05-04T16:18:00.182+0200][3364,799s] GC(28) User=0,04s Sys=0,01s Real=0,01s
[2022-05-04T16:18:16.933+0200][3381,550s] GC(29) Pause Young (Normal) (G1 Evacuation Pause)
[2022-05-04T16:18:16.933+0200][3381,550s] GC(29) Using 8 workers of 8 for evacuation
[2022-05-04T16:18:16.943+0200][3381,559s] GC(29)   Pre Evacuate Collection Set: 0,1ms
[2022-05-04T16:18:16.943+0200][3381,560s] GC(29)   Merge Heap Roots: 0,1ms
[2022-05-04T16:18:16.943+0200][3381,560s] GC(29)   Evacuate Collection Set: 8,0ms
[2022-05-04T16:18:16.943+0200][3381,560s] GC(29)   Post Evacuate Collection Set: 0,9ms
[2022-05-04T16:18:16.943+0200][3381,560s] GC(29)   Other: 0,4ms
[2022-05-04T16:18:16.943+0200][3381,560s] GC(29) Eden regions: 287->0(285)
[2022-05-04T16:18:16.943+0200][3381,560s] GC(29) Survivor regions: 20->22(39)
[2022-05-04T16:18:16.943+0200][3381,560s] GC(29) Old regions: 73->73
[2022-05-04T16:18:16.943+0200][3381,560s] GC(29) Archive regions: 2->2
[2022-05-04T16:18:16.943+0200][3381,560s] GC(29) Humongous regions: 8->8
[2022-05-04T16:18:16.943+0200][3381,560s] GC(29) Metaspace: 78295K(79232K)->78295K(79232K) NonClass: 69640K(70080K)->69640K(70080K) Class: 8655K(9152K)->8655K(9152K)
[2022-05-04T16:18:16.943+0200][3381,560s] GC(29) Pause Young (Normal) (G1 Evacuation Pause) 388M->102M(512M) 9,544ms
[2022-05-04T16:18:16.943+0200][3381,560s] GC(29) User=0,05s Sys=0,01s Real=0,01s
